  Determining projects to restore...
  All projects are up-to-date for restore.
  PrivacyHardeningContracts -> C:\Users\Boss\Downloads\Code Projects\WINDOWS SCRIPTS\Windows script test 01\src\PrivacyHardeningContracts\bin\Debug\net8.0-windows10.0.22621.0\PrivacyHardeningContracts.dll
C:\Users\Boss\Downloads\Code Projects\WINDOWS SCRIPTS\Windows script test 01\src\PrivacyHardeningService\StateManager\ChangeLog.cs(179,35): warning CS8601: Possible null reference assignment. [C:\Users\Boss\Downloads\Code Projects\WINDOWS SCRIPTS\Windows script test 01\src\PrivacyHardeningService\PrivacyHardeningService.csproj]
C:\Users\Boss\Downloads\Code Projects\WINDOWS SCRIPTS\Windows script test 01\src\PrivacyHardeningService\StateManager\ChangeLog.cs(181,32): warning CS8601: Possible null reference assignment. [C:\Users\Boss\Downloads\Code Projects\WINDOWS SCRIPTS\Windows script test 01\src\PrivacyHardeningService\PrivacyHardeningService.csproj]
C:\Users\Boss\Downloads\Code Projects\WINDOWS SCRIPTS\Windows script test 01\src\PrivacyHardeningService\StateManager\ChangeLog.cs(227,35): warning CS8601: Possible null reference assignment. [C:\Users\Boss\Downloads\Code Projects\WINDOWS SCRIPTS\Windows script test 01\src\PrivacyHardeningService\PrivacyHardeningService.csproj]
C:\Users\Boss\Downloads\Code Projects\WINDOWS SCRIPTS\Windows script test 01\src\PrivacyHardeningService\StateManager\ChangeLog.cs(229,32): warning CS8601: Possible null reference assignment. [C:\Users\Boss\Downloads\Code Projects\WINDOWS SCRIPTS\Windows script test 01\src\PrivacyHardeningService\PrivacyHardeningService.csproj]
C:\Users\Boss\Downloads\Code Projects\WINDOWS SCRIPTS\Windows script test 01\src\PrivacyHardeningService\Executors\ServiceExecutor.cs(222,28): warning CS8601: Possible null reference assignment. [C:\Users\Boss\Downloads\Code Projects\WINDOWS SCRIPTS\Windows script test 01\src\PrivacyHardeningService\PrivacyHardeningService.csproj]
C:\Users\Boss\Downloads\Code Projects\WINDOWS SCRIPTS\Windows script test 01\src\PrivacyHardeningService\PolicyEngine\PolicyEngineCore.cs(333,22): warning CS8601: Possible null reference assignment. [C:\Users\Boss\Downloads\Code Projects\WINDOWS SCRIPTS\Windows script test 01\src\PrivacyHardeningService\PrivacyHardeningService.csproj]
  PrivacyHardeningCLI -> C:\Users\Boss\Downloads\Code Projects\WINDOWS SCRIPTS\Windows script test 01\src\PrivacyHardeningCLI\bin\Debug\net8.0-windows10.0.22621.0\PrivacyHardeningCLI.dll
  PrivacyHardeningService -> C:\Users\Boss\Downloads\Code Projects\WINDOWS SCRIPTS\Windows script test 01\src\PrivacyHardeningService\bin\Debug\net8.0-windows10.0.22621.0\PrivacyHardeningService.dll
C:\Users\Boss\.nuget\packages\microsoft.windowsappsdk\1.5.240627000\buildTransitive\Microsoft.UI.Xaml.Markup.Compiler.interop.targets(590,9): error MSB3073: The command ""C:\Users\Boss\.nuget\packages\microsoft.windowsappsdk\1.5.240627000\buildTransitive\..\tools\net6.0\..\net472\XamlCompiler.exe" "obj\Debug\net8.0-windows10.0.22621.0\\input.json" "obj\Debug\net8.0-windows10.0.22621.0\\output.json"" exited with code 1. [C:\Users\Boss\Downloads\Code Projects\WINDOWS SCRIPTS\Windows script test 01\src\PrivacyHardeningUI\PrivacyHardeningUI.csproj]

Build FAILED.

C:\Users\Boss\Downloads\Code Projects\WINDOWS SCRIPTS\Windows script test 01\src\PrivacyHardeningService\StateManager\ChangeLog.cs(179,35): warning CS8601: Possible null reference assignment. [C:\Users\Boss\Downloads\Code Projects\WINDOWS SCRIPTS\Windows script test 01\src\PrivacyHardeningService\PrivacyHardeningService.csproj]
C:\Users\Boss\Downloads\Code Projects\WINDOWS SCRIPTS\Windows script test 01\src\PrivacyHardeningService\StateManager\ChangeLog.cs(181,32): warning CS8601: Possible null reference assignment. [C:\Users\Boss\Downloads\Code Projects\WINDOWS SCRIPTS\Windows script test 01\src\PrivacyHardeningService\PrivacyHardeningService.csproj]
C:\Users\Boss\Downloads\Code Projects\WINDOWS SCRIPTS\Windows script test 01\src\PrivacyHardeningService\StateManager\ChangeLog.cs(227,35): warning CS8601: Possible null reference assignment. [C:\Users\Boss\Downloads\Code Projects\WINDOWS SCRIPTS\Windows script test 01\src\PrivacyHardeningService\PrivacyHardeningService.csproj]
C:\Users\Boss\Downloads\Code Projects\WINDOWS SCRIPTS\Windows script test 01\src\PrivacyHardeningService\StateManager\ChangeLog.cs(229,32): warning CS8601: Possible null reference assignment. [C:\Users\Boss\Downloads\Code Projects\WINDOWS SCRIPTS\Windows script test 01\src\PrivacyHardeningService\PrivacyHardeningService.csproj]
C:\Users\Boss\Downloads\Code Projects\WINDOWS SCRIPTS\Windows script test 01\src\PrivacyHardeningService\Executors\ServiceExecutor.cs(222,28): warning CS8601: Possible null reference assignment. [C:\Users\Boss\Downloads\Code Projects\WINDOWS SCRIPTS\Windows script test 01\src\PrivacyHardeningService\PrivacyHardeningService.csproj]
C:\Users\Boss\Downloads\Code Projects\WINDOWS SCRIPTS\Windows script test 01\src\PrivacyHardeningService\PolicyEngine\PolicyEngineCore.cs(333,22): warning CS8601: Possible null reference assignment. [C:\Users\Boss\Downloads\Code Projects\WINDOWS SCRIPTS\Windows script test 01\src\PrivacyHardeningService\PrivacyHardeningService.csproj]
C:\Users\Boss\.nuget\packages\microsoft.windowsappsdk\1.5.240627000\buildTransitive\Microsoft.UI.Xaml.Markup.Compiler.interop.targets(590,9): error MSB3073: The command ""C:\Users\Boss\.nuget\packages\microsoft.windowsappsdk\1.5.240627000\buildTransitive\..\tools\net6.0\..\net472\XamlCompiler.exe" "obj\Debug\net8.0-windows10.0.22621.0\\input.json" "obj\Debug\net8.0-windows10.0.22621.0\\output.json"" exited with code 1. [C:\Users\Boss\Downloads\Code Projects\WINDOWS SCRIPTS\Windows script test 01\src\PrivacyHardeningUI\PrivacyHardeningUI.csproj]
    6 Warning(s)
    1 Error(s)

Time Elapsed 00:00:06.23
